// Jest Snapshot v1, https://goo.gl/fbAQLP

exports[`renders correctly 1`] = `
<View
  className="sc-fIavCj jdbtbh"
>
  <Modal
    animationType="slide"
    className="sc-dWINGa hIYWEI"
    hardwareAccelerated={false}
    transparent={true}
    visible={false}
  />
  <View
    className="sc-duzrYq djdzQo"
  />
  <View
    className="sc-dkdnUF hreBFH"
  >
    <View
      className="sc-hAsxaJ iMuqYO"
    >
      <View
        accessible={true}
        collapsable={false}
        focusable={true}
        onClick={[Function]}
        onResponderGrant={[Function]}
        onResponderMove={[Function]}
        onResponderRelease={[Function]}
        onResponderTerminate={[Function]}
        onResponderTerminationRequest={[Function]}
        onStartShouldSetResponder={[Function]}
        style={
          Object {
            "opacity": 1,
          }
        }
      >
        <Image
          className="sc-jqUVSM exFXRc"
          resizeMode="cover"
          source={1}
        />
      </View>
    </View>
    <TextInput
      className="sc-hjriPb evmmLA"
      keyboardType="default"
      onChangeText={[Function]}
      placeholder="Enter Booklet Heading"
      value={null}
    />
  </View>
  <View
    className="sc-WCkqM bQngZE"
  >
    <View
      className="sc-ikjQzJ bSPrNs"
    >
      <View
        accessible={true}
        collapsable={false}
        focusable={true}
        onClick={[Function]}
        onResponderGrant={[Function]}
        onResponderMove={[Function]}
        onResponderRelease={[Function]}
        onResponderTerminate={[Function]}
        onResponderTerminationRequest={[Function]}
        onStartShouldSetResponder={[Function]}
        style={
          Object {
            "opacity": 1,
          }
        }
      >
        <Image
          className="sc-jqUVSM exFXRc"
          resizeMode="cover"
          source={1}
        />
      </View>
      <View
        accessible={true}
        collapsable={false}
        focusable={true}
        onClick={[Function]}
        onResponderGrant={[Function]}
        onResponderMove={[Function]}
        onResponderRelease={[Function]}
        onResponderTerminate={[Function]}
        onResponderTerminationRequest={[Function]}
        onStartShouldSetResponder={[Function]}
        style={
          Object {
            "opacity": 1,
          }
        }
      >
        <Image
          className="sc-jqUVSM exFXRc"
          resizeMode="cover"
          source={1}
        />
      </View>
      <View
        accessible={true}
        collapsable={false}
        focusable={true}
        onClick={[Function]}
        onResponderGrant={[Function]}
        onResponderMove={[Function]}
        onResponderRelease={[Function]}
        onResponderTerminate={[Function]}
        onResponderTerminationRequest={[Function]}
        onStartShouldSetResponder={[Function]}
        style={
          Object {
            "opacity": 1,
          }
        }
      >
        <Image
          className="sc-jqUVSM exFXRc"
          resizeMode="cover"
          source={1}
        />
      </View>
      <View
        accessible={true}
        collapsable={false}
        focusable={true}
        onClick={[Function]}
        onResponderGrant={[Function]}
        onResponderMove={[Function]}
        onResponderRelease={[Function]}
        onResponderTerminate={[Function]}
        onResponderTerminationRequest={[Function]}
        onStartShouldSetResponder={[Function]}
        style={
          Object {
            "opacity": 1,
          }
        }
      >
        <Image
          className="sc-jqUVSM exFXRc"
          resizeMode="cover"
          source={1}
        />
      </View>
      <View
        accessible={true}
        collapsable={false}
        focusable={true}
        onClick={[Function]}
        onResponderGrant={[Function]}
        onResponderMove={[Function]}
        onResponderRelease={[Function]}
        onResponderTerminate={[Function]}
        onResponderTerminationRequest={[Function]}
        onStartShouldSetResponder={[Function]}
        style={
          Object {
            "opacity": 1,
          }
        }
      >
        <Image
          className="sc-jqUVSM exFXRc"
          resizeMode="cover"
          source={1}
        />
      </View>
      <View
        accessible={true}
        collapsable={false}
        focusable={true}
        onClick={[Function]}
        onResponderGrant={[Function]}
        onResponderMove={[Function]}
        onResponderRelease={[Function]}
        onResponderTerminate={[Function]}
        onResponderTerminationRequest={[Function]}
        onStartShouldSetResponder={[Function]}
        style={
          Object {
            "opacity": 1,
          }
        }
      >
        <Image
          className="sc-jqUVSM exFXRc"
          resizeMode="cover"
          source={1}
        />
      </View>
      <View
        accessible={true}
        collapsable={false}
        focusable={true}
        onClick={[Function]}
        onResponderGrant={[Function]}
        onResponderMove={[Function]}
        onResponderRelease={[Function]}
        onResponderTerminate={[Function]}
        onResponderTerminationRequest={[Function]}
        onStartShouldSetResponder={[Function]}
        style={
          Object {
            "opacity": 1,
          }
        }
      >
        <Image
          className="sc-jqUVSM exFXRc"
          resizeMode="cover"
          source={1}
        />
      </View>
    </View>
    <RCTScrollView
      className="sc-tsFYE jEFiMj"
    >
      <View />
    </RCTScrollView>
  </View>
</View>
`;
